// Jest Snapshot v1, https://goo.gl/fbAQLP

exports[`Tests abput SearchScreen should show it correctly with default values 1`] = `
<div>
  <h1>
    Search
  </h1>
  <hr />
  <div
    class="row"
  >
    <div
      class="col-5"
    >
      <h4>
        Buscar
      </h4>
      <hr />
      <form>
        <input
          autocomplete="off"
          class="form-control"
          name="searchText"
          placeholder="Buscar un heroe"
          type="text"
          value=""
        />
        <button
          class="btn btn-outline-primary mt-1"
          type="submit"
        >
          Buscar...
        </button>
      </form>
    </div>
    <div
      class="col-7"
    >
      <h4>
        Resutados
      </h4>
      <hr />
      <div
        class="alert alert-info"
      >
        Buscar un heroe
      </div>
    </div>
  </div>
</div>
`;
